テスト実行日時: Mon Apr  7 12:10:29 JST 2025
プロジェクトルート: /Users/koki_air/Documents/GitHub/sailing-strategy-analyzer
環境情報:
----------------------------
Python 3.9.6
----------------------------
====== test_wind_field_fusion_system FAILED ======
/Users/koki_air/Library/Python/3.9/lib/python/site-packages/urllib3/__init__.py:35: NotOpenSSLWarning: urllib3 v2 only supports OpenSSL 1.1.1+, currently the 'ssl' module is compiled with 'LibreSSL 2.8.3'. See: https://github.com/urllib3/urllib3/issues/3020
  warnings.warn(
test_add_wind_data_point (__main__.TestWindFieldFusionSystem)
風データポイント追加機能のテスト ... /Users/koki_air/Documents/GitHub/sailing-strategy-analyzer/sailing_data_processor/wind_field_fusion_system.py:75: UserWarning: Wind data point missing required keys
  warnings.warn("Wind data point missing required keys")
ok
test_fuse_wind_data (__main__.TestWindFieldFusionSystem)
風データ融合機能のテスト ... FAIL
test_get_prediction_quality_report (__main__.TestWindFieldFusionSystem)
予測品質レポート機能のテスト ... ok
test_haversine_distance (__main__.TestWindFieldFusionSystem)
Haversine距離計算のテスト ... ok
test_initialization (__main__.TestWindFieldFusionSystem)
初期化のテスト ... ok
test_predict_wind_field (__main__.TestWindFieldFusionSystem)
風の場予測機能のテスト ... FAIL
test_update_with_boat_data (__main__.TestWindFieldFusionSystem)
複数艇データからの風の場更新機能のテスト ... FAIL

======================================================================
FAIL: test_fuse_wind_data (__main__.TestWindFieldFusionSystem)
風データ融合機能のテスト
----------------------------------------------------------------------
Traceback (most recent call last):
  File "/Users/koki_air/Documents/GitHub/sailing-strategy-analyzer/standalone_tests/test_wind_field_fusion_system.py", line 129, in test_fuse_wind_data
    self.assertIsNotNone(self.fusion_system.current_wind_field)
AssertionError: unexpectedly None

======================================================================
FAIL: test_predict_wind_field (__main__.TestWindFieldFusionSystem)
風の場予測機能のテスト
----------------------------------------------------------------------
Traceback (most recent call last):
  File "/Users/koki_air/Documents/GitHub/sailing-strategy-analyzer/standalone_tests/test_wind_field_fusion_system.py", line 156, in test_predict_wind_field
    self.assertIsNotNone(predicted_field)
AssertionError: unexpectedly None

======================================================================
FAIL: test_update_with_boat_data (__main__.TestWindFieldFusionSystem)
複数艇データからの風の場更新機能のテスト
----------------------------------------------------------------------
Traceback (most recent call last):
  File "/Users/koki_air/Documents/GitHub/sailing-strategy-analyzer/standalone_tests/test_wind_field_fusion_system.py", line 116, in test_update_with_boat_data
    self.assertIsNotNone(result)
AssertionError: unexpectedly None

----------------------------------------------------------------------
Ran 7 tests in 0.134s

FAILED (failures=3)
WindFieldFusionSystem モジュールのスタンドアロンテストを実行します...
===============================
